SDK: /Applications/Xcode_15.4.app/Contents/Developer/Platforms/iPhoneOS.platform/Developer/SDKs/iPhoneOS17.5.sdk
→ fishhook derleniyor (C)…
→ DDumper derleniyor (Objective-C++)…
src/DDImageDumper.mm:195:13: warning: variable 'mainExec' set but not used [-Wunused-but-set-variable]
  NSString *mainExec = nil;
            ^
1 warning generated.
src/DDUICommon.mm:58:49: warning: 'initForExportingURLs:asCopy:' is only available on iOS 14.0 or newer [-Wunguarded-availability-new]
        [[UIDocumentPickerViewController alloc] initForExportingURLs:@[url]
                                                ^~~~~~~~~~~~~~~~~~~~~~~~~~~
/Applications/Xcode_15.4.app/Contents/Developer/Platforms/iPhoneOS.platform/Developer/SDKs/iPhoneOS17.5.sdk/System/Library/Frameworks/UIKit.framework/Headers/UIDocumentPickerViewController.h:60:1: note: 'initForExportingURLs:asCopy:' has been marked as being introduced in iOS 14.0 here, but the deployment target is iOS 12.0.0
- (instancetype)initForExportingURLs:(NSArray <NSURL *> *)urls asCopy:(BOOL)asCopy NS_DESIGNATED_INITIALIZER API_AVAILABLE(ios(14.0)) API_UNAVAILABLE(tvos);
^
src/DDUICommon.mm:58:49: note: enclose 'initForExportingURLs:asCopy:' in an @available check to silence this warning
        [[UIDocumentPickerViewController alloc] initForExportingURLs:@[url]
                                                ^~~~~~~~~~~~~~~~~~~~~~~~~~~
1 warning generated.
src/DDPanels.mm:53:17: warning: unused function 'DDPanelBg' [-Wunused-function]
static UIColor *DDPanelBg(void)   { return [UIColor colorWithWhite:0.07 alpha:0.97]; }
                ^
1 warning generated.
src/DDExMemory.mm:191:8: error: use of undeclared identifier 'DDMemRead'
  if (!DDMemRead(addr, buf, size)) return NAN;
       ^
1 error generated.
src/DDUI.mm:606:8: error: property 'backlog' not found on object of type 'DDConsoleVC *'
  self.backlog = [NSMutableArray array];
       ^
src/DDUI.mm:608:8: error: property 'filterSeg' not found on object of type 'DDConsoleVC *'
  self.filterSeg = [[UISegmentedControl alloc]
       ^
src/DDUI.mm:610:8: error: property 'filterSeg' not found on object of type 'DDConsoleVC *'
  self.filterSeg.frame = CGRectMake(8, 8, self.view.bounds.size.width - 16, 30);
       ^
src/DDUI.mm:611:8: error: property 'filterSeg' not found on object of type 'DDConsoleVC *'
  self.filterSeg.autoresizingMask = UIViewAutoresizingFlexibleWidth;
       ^
src/DDUI.mm:612:8: error: property 'filterSeg' not found on object of type 'DDConsoleVC *'
  self.filterSeg.selectedSegmentIndex = 0;
       ^
src/DDUI.mm:613:9: error: property 'filterSeg' not found on object of type 'DDConsoleVC *'
  [self.filterSeg addTarget:self action:@selector(filterChanged)
        ^
src/DDUI.mm:616:8: error: property 'tv' not found on object of type 'DDConsoleVC *'
  self.tv = [[UITextView alloc] initWithFrame:
       ^
src/DDUI.mm:618:8: error: property 'tv' not found on object of type 'DDConsoleVC *'
  self.tv.autoresizingMask = UIViewAutoresizingFlexibleWidth | UIViewAutoresizingFlexibleHeight;
       ^
src/DDUI.mm:619:8: error: property 'tv' not found on object of type 'DDConsoleVC *'
  self.tv.editable = NO;
       ^
src/DDUI.mm:620:8: error: property 'tv' not found on object of type 'DDConsoleVC *'
  self.tv.font = DDMonoFont(11);
       ^
src/DDUI.mm:621:8: error: property 'tv' not found on object of type 'DDConsoleVC *'
  self.tv.textColor = [UIColor colorWithRed:0.7 green:0.9 blue:0.7 alpha:1.0];
       ^
src/DDUI.mm:622:8: error: property 'tv' not found on object of type 'DDConsoleVC *'
  self.tv.backgroundColor = [UIColor blackColor];
       ^
src/DDUI.mm:623:30: error: property 'tv' not found on object of type 'DDConsoleVC *'
  [self.view addSubview:self.tv];
                             ^
src/DDUI.mm:624:30: error: property 'filterSeg' not found on object of type 'DDConsoleVC *'
  [self.view addSubview:self.filterSeg];
                             ^
src/DDUI.mm:635:8: error: property 'lastSeen' not found on object of type 'DDConsoleVC *'
  self.lastSeen = [DDCore lineCount];
       ^
src/DDUI.mm:639:8: error: property 'timer' not found on object of type 'DDConsoleVC *'
  self.timer = [NSTimer scheduledTimerWithTimeInterval:0.5 repeats:YES block:^(NSTimer *t) {
       ^
src/DDUI.mm:645:4: error: use of undeclared identifier '_timer'
  [_timer invalidate];
   ^
src/DDUI.mm:649:22: error: property 'filterSeg' not found on object of type 'DDConsoleVC *'
  NSInteger f = self.filterSeg.selectedSegmentIndex;
                     ^
src/DDUI.mm:671:12: error: property 'filterSeg' not found on object of type 'DDConsoleVC *'
  if (self.filterSeg.selectedSegmentIndex == 0) return lines;
           ^
fatal error: too many errors emitted, stopping now [-ferror-limit=]
20 errors generated.
