SDK: /Applications/Xcode_15.4.app/Contents/Developer/Platforms/iPhoneOS.platform/Developer/SDKs/iPhoneOS17.5.sdk
→ fishhook derleniyor (C)…
→ DDumper derleniyor (Objective-C++)…
src/DDHooks.mm:60:7: error: use of undeclared identifier 'dd_c_home_len'
  if (dd_c_home_len == 0 || strncmp(path, dd_c_home, dd_c_home_len) != 0) return path;
      ^
src/DDHooks.mm:60:43: error: use of undeclared identifier 'dd_c_home'
  if (dd_c_home_len == 0 || strncmp(path, dd_c_home, dd_c_home_len) != 0) return path;
                                          ^
src/DDHooks.mm:60:54: error: use of undeclared identifier 'dd_c_home_len'
  if (dd_c_home_len == 0 || strncmp(path, dd_c_home, dd_c_home_len) != 0) return path;
                                                     ^
src/DDHooks.mm:174:7: error: use of undeclared identifier 'ro'
  if (ro) eff = dd_redirect_read(full, redir, sizeof(redir));
      ^
src/DDHooks.mm:177:42: error: use of undeclared identifier 'ro'
  snprintf(extra, sizeof(extra), "%s%s", ro ? "r" : "rw",
                                         ^
src/DDHooks.mm:179:34: error: use of undeclared identifier 'ro'
  dd_record("OPEN", full, extra, ro);
                                 ^
src/DDHooks.mm:295:98: error: cannot refer to declaration with an array type inside block
        [DDCore noteAccess:[NSString stringWithFormat:@"🌐 %@", [NSString stringWithUTF8String:dst]]
                                                                                              ^
src/DDHooks.mm:277:10: note: 'dst' declared here
    char dst[128];
         ^
7 errors generated.
src/DDUICommon.mm:24:10: warning: 'UIScene' is only available on iOS 13.0 or newer [-Wunguarded-availability-new]
    for (UIScene *scene in [UIApplication sharedApplication].connectedScenes) {
         ^~~~~~~
/Applications/Xcode_15.4.app/Contents/Developer/Platforms/iPhoneOS.platform/Developer/SDKs/iPhoneOS17.5.sdk/System/Library/Frameworks/UIKit.framework/Headers/UIScene.h:20:12: note: 'UIScene' has been marked as being introduced in iOS 13.0 here, but the deployment target is iOS 12.0.0
@interface UIScene : UIResponder
           ^
src/DDUICommon.mm:24:10: note: enclose 'UIScene' in an @available check to silence this warning
    for (UIScene *scene in [UIApplication sharedApplication].connectedScenes) {
         ^~~~~~~
src/DDUICommon.mm:24:62: warning: 'connectedScenes' is only available on iOS 13.0 or newer [-Wunguarded-availability-new]
    for (UIScene *scene in [UIApplication sharedApplication].connectedScenes) {
                                                             ^~~~~~~~~~~~~~~
/Applications/Xcode_15.4.app/Contents/Developer/Platforms/iPhoneOS.platform/Developer/SDKs/iPhoneOS17.5.sdk/System/Library/Frameworks/UIKit.framework/Headers/UIApplication.h:169:50: note: 'connectedScenes' has been marked as being introduced in iOS 13.0 here, but the deployment target is iOS 12.0.0
@property(nonatomic, readonly) NSSet<UIScene *> *connectedScenes API_AVAILABLE(ios(13.0));
                                                 ^
src/DDUICommon.mm:24:62: note: enclose 'connectedScenes' in an @available check to silence this warning
    for (UIScene *scene in [UIApplication sharedApplication].connectedScenes) {
                                                             ^~~~~~~~~~~~~~~
src/DDUICommon.mm:25:33: warning: 'UIWindowScene' is only available on iOS 13.0 or newer [-Wunguarded-availability-new]
      if ([scene isKindOfClass:[UIWindowScene class]]) {
                                ^~~~~~~~~~~~~
/Applications/Xcode_15.4.app/Contents/Developer/Platforms/iPhoneOS.platform/Developer/SDKs/iPhoneOS17.5.sdk/System/Library/Frameworks/UIKit.framework/Headers/UIWindowScene.h:19:12: note: 'UIWindowScene' has been marked as being introduced in iOS 13.0 here, but the deployment target is iOS 12.0.0
@interface UIWindowScene : UIScene
           ^
src/DDUICommon.mm:25:33: note: enclose 'UIWindowScene' in an @available check to silence this warning
      if ([scene isKindOfClass:[UIWindowScene class]]) {
                                ^~~~~~~~~~~~~
src/DDUICommon.mm:26:9: warning: 'UIWindowScene' is only available on iOS 13.0 or newer [-Wunguarded-availability-new]
        UIWindowScene *ws = (UIWindowScene *)scene;
        ^~~~~~~~~~~~~
/Applications/Xcode_15.4.app/Contents/Developer/Platforms/iPhoneOS.platform/Developer/SDKs/iPhoneOS17.5.sdk/System/Library/Frameworks/UIKit.framework/Headers/UIWindowScene.h:19:12: note: 'UIWindowScene' has been marked as being introduced in iOS 13.0 here, but the deployment target is iOS 12.0.0
@interface UIWindowScene : UIScene
           ^
src/DDUICommon.mm:26:9: note: enclose 'UIWindowScene' in an @available check to silence this warning
        UIWindowScene *ws = (UIWindowScene *)scene;
        ^~~~~~~~~~~~~
src/DDUICommon.mm:26:30: warning: 'UIWindowScene' is only available on iOS 13.0 or newer [-Wunguarded-availability-new]
        UIWindowScene *ws = (UIWindowScene *)scene;
                             ^~~~~~~~~~~~~
/Applications/Xcode_15.4.app/Contents/Developer/Platforms/iPhoneOS.platform/Developer/SDKs/iPhoneOS17.5.sdk/System/Library/Frameworks/UIKit.framework/Headers/UIWindowScene.h:19:12: note: 'UIWindowScene' has been marked as being introduced in iOS 13.0 here, but the deployment target is iOS 12.0.0
@interface UIWindowScene : UIScene
           ^
src/DDUICommon.mm:26:30: note: enclose 'UIWindowScene' in an @available check to silence this warning
        UIWindowScene *ws = (UIWindowScene *)scene;
                             ^~~~~~~~~~~~~
src/DDUICommon.mm:27:16: warning: 'keyWindow' is only available on iOS 15.0 or newer [-Wunguarded-availability-new]
        if (ws.keyWindow.rootViewController) {
               ^~~~~~~~~
/Applications/Xcode_15.4.app/Contents/Developer/Platforms/iPhoneOS.platform/Developer/SDKs/iPhoneOS17.5.sdk/System/Library/Frameworks/UIKit.framework/Headers/UIWindowScene.h:41:61: note: 'keyWindow' has been marked as being introduced in iOS 15.0 here, but the deployment target is iOS 12.0.0
@property (nonatomic, readonly, strong, nullable) UIWindow *keyWindow API_AVAILABLE(ios(15.0));
                                                            ^
src/DDUICommon.mm:27:16: note: enclose 'keyWindow' in an @available check to silence this warning
        if (ws.keyWindow.rootViewController) {
               ^~~~~~~~~
src/DDUICommon.mm:28:19: warning: 'keyWindow' is only available on iOS 15.0 or newer [-Wunguarded-availability-new]
          vc = ws.keyWindow.rootViewController;
                  ^~~~~~~~~
/Applications/Xcode_15.4.app/Contents/Developer/Platforms/iPhoneOS.platform/Developer/SDKs/iPhoneOS17.5.sdk/System/Library/Frameworks/UIKit.framework/Headers/UIWindowScene.h:41:61: note: 'keyWindow' has been marked as being introduced in iOS 15.0 here, but the deployment target is iOS 12.0.0
@property (nonatomic, readonly, strong, nullable) UIWindow *keyWindow API_AVAILABLE(ios(15.0));
                                                            ^
src/DDUICommon.mm:28:19: note: enclose 'keyWindow' in an @available check to silence this warning
          vc = ws.keyWindow.rootViewController;
                  ^~~~~~~~~
7 warnings generated.
src/DDOverride.mm:95:18: error: no known class method for selector 'boolSetting:default:'
  return [DDCore boolSetting:@"dd.ovmaster" default:YES];
                 ^~~~~~~~~~~~~~~~~~~~~~~~~~~~~~~~~~
src/DDOverride.mm:99:11: error: no known class method for selector 'setBoolSetting:value:'
  [DDCore setBoolSetting:@"dd.ovmaster" value:on];
          ^~~~~~~~~~~~~~~~~~~~~~~~~~~~~~~~~~~
2 errors generated.
src/DDExAnalyzer.mm:57:15: error: use of undeclared identifier 'FAT_MAGIC'
      be32 == FAT_MAGIC || be32 == FAT_CIGAM) return @"Mach-O ikili (arm64)";
              ^
src/DDExAnalyzer.mm:57:36: error: use of undeclared identifier 'FAT_CIGAM'
      be32 == FAT_MAGIC || be32 == FAT_CIGAM) return @"Mach-O ikili (arm64)";
                                   ^
src/DDExAnalyzer.mm:116:101: error: expected ')'
    uint32_t csize = (uint32_t)(b[p + 20] | (b[p + 21] << 8) | (b[p + 22] << 16) | (b[p + 23] << 24);
                                                                                                    ^
src/DDExAnalyzer.mm:116:32: note: to match this '('
    uint32_t csize = (uint32_t)(b[p + 20] | (b[p + 21] << 8) | (b[p + 22] << 16) | (b[p + 23] << 24);
                               ^
src/DDExAnalyzer.mm:117:101: error: expected ')'
    uint32_t usize = (uint32_t)(b[p + 24] | (b[p + 25] << 8) | (b[p + 26] << 16) | (b[p + 27] << 24);
                                                                                                    ^
src/DDExAnalyzer.mm:117:32: note: to match this '('
    uint32_t usize = (uint32_t)(b[p + 24] | (b[p + 25] << 8) | (b[p + 26] << 16) | (b[p + 27] << 24);
                               ^
src/DDExAnalyzer.mm:130:57: error: expected ']'
      [out addObject:@"  … (liste 300 ile sınırlı)");
                                                   ^
src/DDExAnalyzer.mm:144:16: error: use of undeclared identifier 'FAT_CIGAM'
  if (magic == FAT_CIGAM || magic == FAT_MAGIC) return @"Universal (fat) ikili — slice'lar mevcut";
               ^
src/DDExAnalyzer.mm:144:38: error: use of undeclared identifier 'FAT_MAGIC'
  if (magic == FAT_CIGAM || magic == FAT_MAGIC) return @"Universal (fat) ikili — slice'lar mevcut";
                                     ^
7 errors generated.
src/DDExClasses.mm:21:24: error: use of undeclared identifier 'objc_copyClassNamesList'; did you mean 'objc_copyClassList'?
  const char **names = objc_copyClassNamesList(&count);
                       ^~~~~~~~~~~~~~~~~~~~~~~
                       objc_copyClassList
/Applications/Xcode_15.4.app/Contents/Developer/Platforms/iPhoneOS.platform/Developer/SDKs/iPhoneOS17.5.sdk/usr/include/objc/runtime.h:350:1: note: 'objc_copyClassList' declared here
objc_copyClassList(unsigned int * _Nullable outCount)
^
src/DDExClasses.mm:21:16: error: cannot initialize a variable of type 'const char **' with an rvalue of type 'Class  _Nonnull __unsafe_unretained * _Nullable'
  const char **names = objc_copyClassNamesList(&count);
               ^       ~~~~~~~~~~~~~~~~~~~~~~~~~~~~~~~
src/DDExClasses.mm:92:47: error: ISO C++17 does not allow incrementing expression of type bool [-Wincrement-bool]
  for (BOOL isMeta = NO; isMeta <= YES; isMeta++) {
                                        ~~~~~~^
src/DDExClasses.mm:101:48: error: incompatible operand types ('const char *' and 'NSString *')
          [NSString stringWithUTF8String:types ?: @"?"],
                                         ~~~~~ ^  ~~~~
src/DDExClasses.mm:92:33: warning: result of comparison of constant YES with expression of type 'BOOL' (aka 'bool') is always true [-Wtautological-constant-compare]
  for (BOOL isMeta = NO; isMeta <= YES; isMeta++) {
                         ~~~~~~ ^  ~~~
1 warning and 4 errors generated.
src/DDExMemory.mm:335:25: error: cannot refer to declaration with an array type inside block
            memcmp(cur, pat, patSize) == 0) {
                        ^
src/DDExMemory.mm:313:11: note: 'pat' declared here
  uint8_t pat[8];
          ^
1 error generated.
src/DDExSearch.mm:226:33: error: performSelector names a selector which retains the object
    id vc = [[previewCls alloc] performSelector:@selector(initWithFile:)
                                ^
src/DDFeatures.h:15:1: note: method 'initWithFile:' declared here
- (instancetype)initWithFile:(NSString *)path;
^
1 error generated.
src/DDExDefaults.mm:100:5: error: expected ';' after expression
  id v = [[NSUserDefaults standardUserDefaults] objectForKey:k];
    ^
    ;
src/DDExDefaults.mm:100:6: error: use of undeclared identifier 'v'
  id v = [[NSUserDefaults standardUserDefaults] objectForKey:k];
     ^
src/DDExDefaults.mm:102:55: error: use of undeclared identifier 'v'
  cell.detailTextLabel.text = DDShortValueDescription(v, 40);
                                                      ^
src/DDExDefaults.mm:100:3: warning: expression result unused [-Wunused-value]
  id v = [[NSUserDefaults standardUserDefaults] objectForKey:k];
  ^~
src/DDExDefaults.mm:115:64: error: expected ')'
                                DDShortValueDescription(cur, 60]]
                                                               ^
src/DDExDefaults.mm:115:56: note: to match this '('
                                DDShortValueDescription(cur, 60]]
                                                       ^
1 warning and 4 errors generated.
src/DDSmartDump.mm:135:9: error: string literal must be prefixed by '@'
        "# Strings — %@ (decrypted)\n# %lu string (min 6 karakter)\n\n",
        ^
        @
1 error generated.
src/DDUI.mm:435:9: error: string literal must be prefixed by '@'
        "# Strings: %@\n# %lu string\n\n", path.lastPathComponent, (unsigned long)strs.count];
        ^
        @
src/DDUI.mm:1131:34: warning: missing terminating '"' character [-Winvalid-pp-token]
                                @"Şunlar üretilir:
                                 ^
src/DDUI.mm:1133:1: warning: missing terminating '"' character [-Winvalid-pp-token]
"
^
src/DDUI.mm:1134:34: warning: missing terminating '"' character [-Winvalid-pp-token]
                                @"• Ana ikili (bellekten, şifresi çözülmüş)
                                 ^
src/DDUI.mm:1135:1: warning: missing terminating '"' character [-Winvalid-pp-token]
"
^
src/DDUI.mm:1136:34: warning: missing terminating '"' character [-Winvalid-pp-token]
                                @"• Tüm framework/dylib'ler
                                 ^
src/DDUI.mm:1137:1: warning: missing terminating '"' character [-Winvalid-pp-token]
"
^
src/DDUI.mm:1138:34: warning: missing terminating '"' character [-Winvalid-pp-token]
                                @"• Strings + ObjC class-dump raporları
                                 ^
src/DDUI.mm:1139:1: warning: missing terminating '"' character [-Winvalid-pp-token]
"
^
src/DDUI.mm:1140:34: warning: missing terminating '"' character [-Winvalid-pp-token]
                                @"• %@ yeniden imzalanmaya hazır DECRYPTED IPA
                                 ^
src/DDUI.mm:1142:1: warning: missing terminating '"' character [-Winvalid-pp-token]
"
^
src/DDUI.mm:1164:63: warning: missing terminating '"' character [-Winvalid-pp-token]
    NSMutableString *msg = [NSMutableString stringWithFormat:@"Hazır! 🎉
                                                              ^
src/DDUI.mm:1168:1: warning: missing terminating '"' character [-Winvalid-pp-token]
", dir];
^
src/DDUI.mm:1170:26: warning: missing terminating '"' character [-Winvalid-pp-token]
      [msg appendFormat:@"
                         ^
src/DDUI.mm:1174:8: warning: missing terminating ' character [-Winvalid-pp-token]
(Bu IPA'yı ESign ile imzalayıp kurabilirsiniz — "
       ^
src/DDUI.mm:1131:33: error: unexpected '@' in program
                                @"Şunlar üretilir:
                                ^
src/DDUI.mm:1164:62: error: unexpected '@' in program
    NSMutableString *msg = [NSMutableString stringWithFormat:@"Hazır! 🎉
                                                             ^
14 warnings and 3 errors generated.
